// Jest Snapshot v1, https://goo.gl/fbAQLP

exports[`Category matches its snapshot 1`] = `
<div>
  <h3
    className="flch-category-header"
    onClick={[Function]}
  >
    <span
      className="contract"
    >
      -
    </span>
     
    <span
      className="flch-category-header__text"
    >
      category-name
    </span>
  </h3>
  <ul
    className="you_icon cf"
  >
    <li />
  </ul>
</div>
`;
